Archive member included to satisfy reference by file (symbol)

C:/ST/STM32CubeIDE_1.15.1/STM32CubeIDE/plugins/com.st.stm32cube.ide.mcu.externaltools.gnu-tools-for-stm32.12.3.rel1.win32_1.0.200.202406191623/tools/bin/../lib/gcc/arm-none-eabi/12.3.1/../../../../arm-none-eabi/lib/thumb/v7-m/nofp\libc_nano.a(libc_a-exit.o)
                              C:/ST/STM32CubeIDE_1.15.1/STM32CubeIDE/plugins/com.st.stm32cube.ide.mcu.externaltools.gnu-tools-for-stm32.12.3.rel1.win32_1.0.200.202406191623/tools/bin/../lib/gcc/arm-none-eabi/12.3.1/../../../../arm-none-eabi/lib/thumb/v7-m/nofp/crt0.o (exit)
C:/ST/STM32CubeIDE_1.15.1/STM32CubeIDE/plugins/com.st.stm32cube.ide.mcu.externaltools.gnu-tools-for-stm32.12.3.rel1.win32_1.0.200.202406191623/tools/bin/../lib/gcc/arm-none-eabi/12.3.1/../../../../arm-none-eabi/lib/thumb/v7-m/nofp\libc_nano.a(libc_a-findfp.o)
                              C:/ST/STM32CubeIDE_1.15.1/STM32CubeIDE/plugins/com.st.stm32cube.ide.mcu.externaltools.gnu-tools-for-stm32.12.3.rel1.win32_1.0.200.202406191623/tools/bin/../lib/gcc/arm-none-eabi/12.3.1/../../../../arm-none-eabi/lib/thumb/v7-m/nofp\libc_nano.a(libc_a-exit.o) (__stdio_exit_handler)
C:/ST/STM32CubeIDE_1.15.1/STM32CubeIDE/plugins/com.st.stm32cube.ide.mcu.externaltools.gnu-tools-for-stm32.12.3.rel1.win32_1.0.200.202406191623/tools/bin/../lib/gcc/arm-none-eabi/12.3.1/../../../../arm-none-eabi/lib/thumb/v7-m/nofp\libc_nano.a(libc_a-fwalk.o)
                              C:/ST/STM32CubeIDE_1.15.1/STM32CubeIDE/plugins/com.st.stm32cube.ide.mcu.externaltools.gnu-tools-for-stm32.12.3.rel1.win32_1.0.200.202406191623/tools/bin/../lib/gcc/arm-none-eabi/12.3.1/../../../../arm-none-eabi/lib/thumb/v7-m/nofp\libc_nano.a(libc_a-findfp.o) (_fwalk_sglue)
C:/ST/STM32CubeIDE_1.15.1/STM32CubeIDE/plugins/com.st.stm32cube.ide.mcu.externaltools.gnu-tools-for-stm32.12.3.rel1.win32_1.0.200.202406191623/tools/bin/../lib/gcc/arm-none-eabi/12.3.1/../../../../arm-none-eabi/lib/thumb/v7-m/nofp\libc_nano.a(libc_a-stdio.o)
                              C:/ST/STM32CubeIDE_1.15.1/STM32CubeIDE/plugins/com.st.stm32cube.ide.mcu.externaltools.gnu-tools-for-stm32.12.3.rel1.win32_1.0.200.202406191623/tools/bin/../lib/gcc/arm-none-eabi/12.3.1/../../../../arm-none-eabi/lib/thumb/v7-m/nofp\libc_nano.a(libc_a-findfp.o) (__sread)
C:/ST/STM32CubeIDE_1.15.1/STM32CubeIDE/plugins/com.st.stm32cube.ide.mcu.externaltools.gnu-tools-for-stm32.12.3.rel1.win32_1.0.200.202406191623/tools/bin/../lib/gcc/arm-none-eabi/12.3.1/../../../../arm-none-eabi/lib/thumb/v7-m/nofp\libc_nano.a(libc_a-memset.o)
                              C:/ST/STM32CubeIDE_1.15.1/STM32CubeIDE/plugins/com.st.stm32cube.ide.mcu.externaltools.gnu-tools-for-stm32.12.3.rel1.win32_1.0.200.202406191623/tools/bin/../lib/gcc/arm-none-eabi/12.3.1/../../../../arm-none-eabi/lib/thumb/v7-m/nofp/crt0.o (memset)
C:/ST/STM32CubeIDE_1.15.1/STM32CubeIDE/plugins/com.st.stm32cube.ide.mcu.externaltools.gnu-tools-for-stm32.12.3.rel1.win32_1.0.200.202406191623/tools/bin/../lib/gcc/arm-none-eabi/12.3.1/../../../../arm-none-eabi/lib/thumb/v7-m/nofp\libc_nano.a(libc_a-closer.o)
                              C:/ST/STM32CubeIDE_1.15.1/STM32CubeIDE/plugins/com.st.stm32cube.ide.mcu.externaltools.gnu-tools-for-stm32.12.3.rel1.win32_1.0.200.202406191623/tools/bin/../lib/gcc/arm-none-eabi/12.3.1/../../../../arm-none-eabi/lib/thumb/v7-m/nofp\libc_nano.a(libc_a-stdio.o) (_close_r)
C:/ST/STM32CubeIDE_1.15.1/STM32CubeIDE/plugins/com.st.stm32cube.ide.mcu.externaltools.gnu-tools-for-stm32.12.3.rel1.win32_1.0.200.202406191623/tools/bin/../lib/gcc/arm-none-eabi/12.3.1/../../../../arm-none-eabi/lib/thumb/v7-m/nofp\libc_nano.a(libc_a-reent.o)
                              C:/ST/STM32CubeIDE_1.15.1/STM32CubeIDE/plugins/com.st.stm32cube.ide.mcu.externaltools.gnu-tools-for-stm32.12.3.rel1.win32_1.0.200.202406191623/tools/bin/../lib/gcc/arm-none-eabi/12.3.1/../../../../arm-none-eabi/lib/thumb/v7-m/nofp\libc_nano.a(libc_a-closer.o) (errno)
C:/ST/STM32CubeIDE_1.15.1/STM32CubeIDE/plugins/com.st.stm32cube.ide.mcu.externaltools.gnu-tools-for-stm32.12.3.rel1.win32_1.0.200.202406191623/tools/bin/../lib/gcc/arm-none-eabi/12.3.1/../../../../arm-none-eabi/lib/thumb/v7-m/nofp\libc_nano.a(libc_a-impure.o)
                              C:/ST/STM32CubeIDE_1.15.1/STM32CubeIDE/plugins/com.st.stm32cube.ide.mcu.externaltools.gnu-tools-for-stm32.12.3.rel1.win32_1.0.200.202406191623/tools/bin/../lib/gcc/arm-none-eabi/12.3.1/../../../../arm-none-eabi/lib/thumb/v7-m/nofp\libc_nano.a(libc_a-reent.o) (_impure_ptr)
C:/ST/STM32CubeIDE_1.15.1/STM32CubeIDE/plugins/com.st.stm32cube.ide.mcu.externaltools.gnu-tools-for-stm32.12.3.rel1.win32_1.0.200.202406191623/tools/bin/../lib/gcc/arm-none-eabi/12.3.1/../../../../arm-none-eabi/lib/thumb/v7-m/nofp\libc_nano.a(libc_a-lseekr.o)
[...]
Memory Configuration

Name             Origin             Length             Attributes
RAM              0x20000000         0x00005000         xrw
FLASH            0x08000000         0x00020000         xr
*default*        0x00000000         0xffffffff

Linker script and memory map

LOAD C:/ST/STM32CubeIDE_1.15.1/STM32CubeIDE/plugins/com.st.stm32cube.ide.mcu.externaltools.gnu-tools-for-stm32.12.3.rel1.win32_1.0.200.202406191623/tools/bin/../lib/gcc/arm-none-eabi/12.3.1/thumb/v7-m/nofp/crti.o
LOAD C:/ST/STM32CubeIDE_1.15.1/STM32CubeIDE/plugins/com.st.stm32cube.ide.mcu.externaltools.gnu-tools-for-stm32.12.3.rel1.win32_1.0.200.202406191623/tools/bin/../lib/gcc/arm-none-eabi/12.3.1/thumb/v7-m/nofp/crtbegin.o
LOAD C:/ST/STM32CubeIDE_1.15.1/STM32CubeIDE/plugins/com.st.stm32cube.ide.mcu.externaltools.gnu-tools-for-stm32.12.3.rel1.win32_1.0.200.202406191623/tools/bin/../lib/gcc/arm-none-eabi/12.3.1/../../../../arm-none-eabi/lib/thumb/v7-m/nofp/crt0.o
LOAD ./Core/Src/liquidcrystal_i2c.o
LOAD ./Core/Src/main.o
LOAD ./Core/Src/stm32f1xx_hal_msp.o
LOAD ./Core/Src/stm32f1xx_it.o
LOAD ./Core/Src/syscalls.o
LOAD ./Core/Src/sysmem.o
LOAD ./Core/Src/system_stm32f1xx.o
LOAD ./Core/Startup/startup_stm32f103rbtx.o
LOAD ./Drivers/STM32F1xx_HAL_Driver/Src/stm32f1xx_hal.o
LOAD ./Drivers/STM32F1xx_HAL_Driver/Src/stm32f1xx_hal_cortex.o
LOAD ./Drivers/STM32F1xx_HAL_Driver/Src/stm32f1xx_hal_dma.o
LOAD ./Drivers/STM32F1xx_HAL_Driver/Src/stm32f1xx_hal_exti.o
LOAD ./Drivers/STM32F1xx_HAL_Driver/Src/stm32f1xx_hal_flash.o
LOAD ./Drivers/STM32F1xx_HAL_Driver/Src/stm32f1xx_hal_flash_ex.o
LOAD ./Drivers/STM32F1xx_HAL_Driver/Src/stm32f1xx_hal_gpio.o
LOAD ./Drivers/STM32F1xx_HAL_Driver/Src/stm32f1xx_hal_gpio_ex.o
LOAD ./Drivers/STM32F1xx_HAL_Driver/Src/stm32f1xx_hal_i2c.o
LOAD ./Drivers/STM32F1xx_HAL_Driver/Src/stm32f1xx_hal_pwr.o
LOAD ./Drivers/STM32F1xx_HAL_Driver/Src/stm32f1xx_hal_rcc.o
LOAD ./Drivers/STM32F1xx_HAL_Driver/Src/stm32f1xx_hal_rcc_ex.o
LOAD ./Drivers/STM32F1xx_HAL_Driver/Src/stm32f1xx_hal_tim.o
LOAD ./Drivers/STM32F1xx_HAL_Driver/Src/stm32f1xx_hal_tim_ex.o
LOAD ./Drivers/STM32F1xx_HAL_Driver/Src/stm32f1xx_hal_uart.o
START GROUP
LOAD C:/ST/STM32CubeIDE_1.15.1/STM32CubeIDE/plugins/com.st.stm32cube.ide.mcu.externaltools.gnu-tools-for-stm32.12.3.rel1.win32_1.0.200.202406191623/tools/bin/../lib/gcc/arm-none-eabi/12.3.1/../../../../arm-none-eabi/lib/thumb/v7-m/nofp\libc_nano.a
LOAD C:/ST/STM32CubeIDE_1.15.1/STM32CubeIDE/plugins/com.st.stm32cube.ide.mcu.externaltools.gnu-tools-for-stm32.12.3.rel1.win32_1.0.200.202406191623/tools/bin/../lib/gcc/arm-none-eabi/12.3.1/../../../../arm-none-eabi/lib/thumb/v7-m/nofp\libm.a
END GROUP
START GROUP
LOAD C:/ST/STM32CubeIDE_1.15.1/STM32CubeIDE/plugins/com.st.stm32cube.ide.mcu.externaltools.gnu-tools-for-stm32.12.3.rel1.win32_1.0.200.202406191623/tools/bin/../lib/gcc/arm-none-eabi/12.3.1/thumb/v7-m/nofp\libgcc.a
LOAD C:/ST/STM32CubeIDE_1.15.1/STM32CubeIDE/plugins/com.st.stm32cube.ide.mcu.externaltools.gnu-tools-for-stm32.12.3.rel1.win32_1.0.200.202406191623/tools/bin/../lib/gcc/arm-none-eabi/12.3.1/../../../../arm-none-eabi/lib/thumb/v7-m/nofp\libc_nano.a
END GROUP
START GROUP
LOAD C:/ST/STM32CubeIDE_1.15.1/STM32CubeIDE/plugins/com.st.stm32cube.ide.mcu.externaltools.gnu-tools-for-stm32.12.3.rel1.win32_1.0.200.202406191623/tools/bin/../lib/gcc/arm-none-eabi/12.3.1/thumb/v7-m/nofp\libgcc.a
LOAD C:/ST/STM32CubeIDE_1.15.1/STM32CubeIDE/plugins/com.st.stm32cube.ide.mcu.externaltools.gnu-tools-for-stm32.12.3.rel1.win32_1.0.200.202406191623/tools/bin/../lib/gcc/arm-none-eabi/12.3.1/../../../../arm-none-eabi/lib/thumb/v7-m/nofp\libc_nano.a
LOAD C:/ST/STM32CubeIDE_1.15.1/STM32CubeIDE/plugins/com.st.stm32cube.ide.mcu.externaltools.gnu-tools-for-stm32.12.3.rel1.win32_1.0.200.202406191623/tools/bin/../lib/gcc/arm-none-eabi/12.3.1/../../../../arm-none-eabi/lib/thumb/v7-m/nofp\libnosys.a
END GROUP
START GROUP
LOAD C:/ST/STM32CubeIDE_1.15.1/STM32CubeIDE/plugins/com.st.stm32cube.ide.mcu.externaltools.gnu-tools-for-stm32.12.3.rel1.win32_1.0.200.202406191623/tools/bin/../lib/gcc/arm-none-eabi/12.3.1/thumb/v7-m/nofp\libgcc.a
LOAD C:/ST/STM32CubeIDE_1.15.1/STM32CubeIDE/plugins/com.st.stm32cube.ide.mcu.externaltools.gnu-tools-for-stm32.12.3.rel1.win32_1.0.200.202406191623/tools/bin/../lib/gcc/arm-none-eabi/12.3.1/../../../../arm-none-eabi/lib/thumb/v7-m/nofp\libc_nano.a
LOAD C:/ST/STM32CubeIDE_1.15.1/STM32CubeIDE/plugins/com.st.stm32cube.ide.mcu.externaltools.gnu-tools-for-stm32.12.3.rel1.win32_1.0.200.202406191623/tools/bin/../lib/gcc/arm-none-eabi/12.3.1/../../../../arm-none-eabi/lib/thumb/v7-m/nofp\libnosys.a
END GROUP
LOAD C:/ST/STM32CubeIDE_1.15.1/STM32CubeIDE/plugins/com.st.stm32cube.ide.mcu.externaltools.gnu-tools-for-stm32.12.3.rel1.win32_1.0.200.202406191623/tools/bin/../lib/gcc/arm-none-eabi/12.3.1/thumb/v7-m/nofp/crtend.o
LOAD C:/ST/STM32CubeIDE_1.15.1/STM32CubeIDE/plugins/com.st.stm32cube.ide.mcu.externaltools.gnu-tools-for-stm32.12.3.rel1.win32_1.0.200.202406191623/tools/bin/../lib/gcc/arm-none-eabi/12.3.1/thumb/v7-m/nofp/crtn.o
                0x20005000                        _estack = (ORIGIN (RAM) + LENGTH (RAM))
                0x00000200                        _Min_Heap_Size = 0x200
                0x00000400                        _Min_Stack_Size = 0x400

.isr_vector     0x08000000      0x10c
                0x08000000                        . = ALIGN (0x4)
 *(.isr_vector)
 .isr_vector    0x08000000      0x10c ./Core/Startup/startup_stm32f103rbtx.o
                0x08000000                g_pfnVectors
                0x0800010c                        . = ALIGN (0x4)

.text           0x0800010c     0x23b0
                0x0800010c                        . = ALIGN (0x4)
 *(.text)
 .text          0x0800010c       0x40 C:/ST/STM32CubeIDE_1.15.1/STM32CubeIDE/plugins/com.st.stm32cube.ide.mcu.externaltools.gnu-tools-for-stm32.12.3.rel1.win32_1.0.200.202406191623/tools/bin/../lib/gcc/arm-none-eabi/12.3.1/thumb/v7-m/nofp/crtbegin.o
 *(.text*)
 .text.HD44780_Init
                0x0800014c      0x108 ./Core/Src/liquidcrystal_i2c.o
                0x0800014c                HD44780_Init
 .text.HD44780_Clear
                0x08000254       0x16 ./Core/Src/liquidcrystal_i2c.o
                0x08000254                HD44780_Clear
 .text.HD44780_Home
                0x0800026a       0x16 ./Core/Src/liquidcrystal_i2c.o
                0x0800026a                HD44780_Home
 .text.HD44780_SetCursor
                0x08000280       0x64 ./Core/Src/liquidcrystal_i2c.o
                0x08000280                HD44780_SetCursor
 .text.HD44780_NoDisplay
                0x080002e4       0x2c ./Core/Src/liquidcrystal_i2c.o
                0x080002e4                HD44780_NoDisplay
 .text.HD44780_Display
                0x08000310       0x2c ./Core/Src/liquidcrystal_i2c.o
                0x08000310                HD44780_Display
 .text.HD44780_CreateSpecialChar
                0x0800033c       0x52 ./Core/Src/liquidcrystal_i2c.o
                0x0800033c                HD44780_CreateSpecialChar
 .text.HD44780_PrintStr
                0x0800038e       0x2a ./Core/Src/liquidcrystal_i2c.o
                0x0800038e                HD44780_PrintStr
 .text.HD44780_NoBacklight
                0x080003b8       0x18 ./Core/Src/liquidcrystal_i2c.o
                0x080003b8                HD44780_NoBacklight
 .text.HD44780_Backlight
                0x080003d0       0x18 ./Core/Src/liquidcrystal_i2c.o
                0x080003d0                HD44780_Backlight
 .text.SendCommand
                0x080003e8       0x1c ./Core/Src/liquidcrystal_i2c.o
 .text.SendChar
                0x08000404       0x1c ./Core/Src/liquidcrystal_i2c.o
 .text.Send     0x08000420       0x42 ./Core/Src/liquidcrystal_i2c.o
 .text.Write4Bits
                0x08000462       0x22 ./Core/Src/liquidcrystal_i2c.o
 .text.ExpanderWrite
                0x08000484       0x38 ./Core/Src/liquidcrystal_i2c.o
 .text.PulseEnable
                0x080004bc       0x3a ./Core/Src/liquidcrystal_i2c.o
 *fill*         0x080004f6        0x2 
 .text.DelayInit
                0x080004f8       0x50 ./Core/Src/liquidcrystal_i2c.o
 .text.DelayUS  0x08000548       0x4c ./Core/Src/liquidcrystal_i2c.o
 .text.main     0x08000594       0xa4 ./Core/Src/main.o
                0x08000594                main
 .text.SystemClock_Config
                0x08000638       0x82 ./Core/Src/main.o
                0x08000638                SystemClock_Config
 *fill*         0x080006ba        0x2 
 .text.MX_I2C1_Init
                0x080006bc       0x5c ./Core/Src/main.o
 .text.MX_USART2_UART_Init
                0x08000718       0x54 ./Core/Src/main.o
 .text.MX_GPIO_Init
                0x0800076c       0xc4 ./Core/Src/main.o
 .text.Error_Handler
                0x08000830        0xc ./Core/Src/main.o
                0x08000830                Error_Handler
 .text.HAL_MspInit
                0x0800083c       0x64 ./Core/Src/stm32f1xx_hal_msp.o
                0x0800083c                HAL_MspInit
 .text.HAL_I2C_MspInit
                0x080008a0       0xa0 ./Core/Src/stm32f1xx_hal_msp.o
                0x080008a0                HAL_I2C_MspInit
 .text.HAL_UART_MspInit
                0x08000940       0x94 ./Core/Src/stm32f1xx_hal_msp.o
                0x08000940                HAL_UART_MspInit
 .text.NMI_Handler
                0x080009d4        0x8 ./Core/Src/stm32f1xx_it.o
                0x080009d4                NMI_Handler
 .text.HardFault_Handler
                0x080009dc        0x8 ./Core/Src/stm32f1xx_it.o
                0x080009dc                HardFault_Handler
 .text.MemManage_Handler
                0x080009e4        0x8 ./Core/Src/stm32f1xx_it.o
                0x080009e4                MemManage_Handler
 .text.BusFault_Handler
                0x080009ec        0x8 ./Core/Src/stm32f1xx_it.o
                0x080009ec                BusFault_Handler
 .text.UsageFault_Handler
                0x080009f4        0x8 ./Core/Src/stm32f1xx_it.o
                0x080009f4                UsageFault_Handler
 .text.SVC_Handler
                0x080009fc        0xc ./Core/Src/stm32f1xx_it.o
                0x080009fc                SVC_Handler
 .text.DebugMon_Handler
                0x08000a08        0xc ./Core/Src/stm32f1xx_it.o
                0x08000a08                DebugMon_Handler
 .text.PendSV_Handler
                0x08000a14        0xc ./Core/Src/stm32f1xx_it.o
                0x08000a14                PendSV_Handler
 .text.SysTick_Handler
                0x08000a20        0xc ./Core/Src/stm32f1xx_it.o
                0x08000a20                SysTick_Handler
 .text.EXTI15_10_IRQHandler
                0x08000a2c       0x10 ./Core/Src/stm32f1xx_it.o
                0x08000a2c                EXTI15_10_IRQHandler
 .text.SystemInit
                0x08000a3c        0xc ./Core/Src/system_stm32f1xx.o
                0x08000a3c                SystemInit
 .text.Reset_Handler
                0x08000a48       0x48 ./Core/Startup/startup_stm32f103rbtx.o
                0x08000a48                Reset_Handler
 .text.Default_Handler
                0x08000a90        0x2 ./Core/Startup/startup_stm32f103rbtx.o
                0x08000a90                RTC_Alarm_IRQHandler
                0x08000a90                EXTI2_IRQHandler
                0x08000a90                TIM1_CC_IRQHandler
                0x08000a90                PVD_IRQHandler
                0x08000a90                EXTI3_IRQHandler
                0x08000a90                EXTI0_IRQHandler
                0x08000a90                I2C2_EV_IRQHandler
                0x08000a90                ADC1_2_IRQHandler
                0x08000a90                SPI1_IRQHandler
                0x08000a90                TAMPER_IRQHandler
                0x08000a90                DMA1_Channel4_IRQHandler
                0x08000a90                USART3_IRQHandler
                0x08000a90                RTC_IRQHandler
                0x08000a90                DMA1_Channel7_IRQHandler
                0x08000a90                CAN1_RX1_IRQHandler
                0x08000a90                TIM4_IRQHandler
                0x08000a90                I2C1_EV_IRQHandler
                0x08000a90                DMA1_Channel6_IRQHandler
                0x08000a90                TIM3_IRQHandler
                0x08000a90                RCC_IRQHandler
                0x08000a90                TIM1_TRG_COM_IRQHandler
                0x08000a90                DMA1_Channel1_IRQHandler
                0x08000a90                Default_Handler
                0x08000a90                EXTI9_5_IRQHandler
                0x08000a90                SPI2_IRQHandler
                0x08000a90                DMA1_Channel5_IRQHandler
                0x08000a90                EXTI4_IRQHandler
                0x08000a90                USB_LP_CAN1_RX0_IRQHandler
                0x08000a90                USB_HP_CAN1_TX_IRQHandler
                0x08000a90                DMA1_Channel3_IRQHandler
                0x08000a90                TIM1_UP_IRQHandler
                0x08000a90                WWDG_IRQHandler
                0x08000a90                TIM2_IRQHandler
                0x08000a90                TIM1_BRK_IRQHandler
                0x08000a90                EXTI1_IRQHandler
                0x08000a90                USART2_IRQHandler
                0x08000a90                I2C2_ER_IRQHandler
                0x08000a90                DMA1_Channel2_IRQHandler
                0x08000a90                CAN1_SCE_IRQHandler
                0x08000a90                FLASH_IRQHandler
                0x08000a90                USART1_IRQHandler
                0x08000a90                I2C1_ER_IRQHandler
                0x08000a90                USBWakeUp_IRQHandler
 *fill*         0x08000a92        0x2 
 .text.HAL_Init
                0x08000a94       0x2c ./Drivers/STM32F1xx_HAL_Driver/Src/stm32f1xx_hal.o
                0x08000a94                HAL_Init
 .text.HAL_InitTick
                0x08000ac0       0x60 ./Drivers/STM32F1xx_HAL_Driver/Src/stm32f1xx_hal.o
                0x08000ac0                HAL_InitTick
 .text.HAL_IncTick
                0x08000b20       0x24 ./Drivers/STM32F1xx_HAL_Driver/Src/stm32f1xx_hal.o
                0x08000b20                HAL_IncTick
 .text.HAL_GetTick
                0x08000b44       0x14 ./Drivers/STM32F1xx_HAL_Driver/Src/stm32f1xx_hal.o
                0x08000b44                HAL_GetTick
 .text.HAL_Delay
                0x08000b58       0x48 ./Drivers/STM32F1xx_HAL_Driver/Src/stm32f1xx_hal.o
                0x08000b58                HAL_Delay
 .text.__NVIC_SetPriorityGrouping
                0x08000ba0       0x48 ./Drivers/STM32F1xx_HAL_Driver/Src/stm32f1xx_hal_cortex.o
 .text.__NVIC_GetPriorityGrouping
                0x08000be8       0x1c ./Drivers/STM32F1xx_HAL_Driver/Src/stm32f1xx_hal_cortex.o
 .text.__NVIC_EnableIRQ
                0x08000c04       0x38 ./Drivers/STM32F1xx_HAL_Driver/Src/stm32f1xx_hal_cortex.o
 .text.__NVIC_SetPriority
                0x08000c3c       0x54 ./Drivers/STM32F1xx_HAL_Driver/Src/stm32f1xx_hal_cortex.o
 .text.NVIC_EncodePriority
                0x08000c90       0x64 ./Drivers/STM32F1xx_HAL_Driver/Src/stm32f1xx_hal_cortex.o
 .text.SysTick_Config
                0x08000cf4       0x44 ./Drivers/STM32F1xx_HAL_Driver/Src/stm32f1xx_hal_cortex.o
 .text.HAL_NVIC_SetPriorityGrouping
                0x08000d38       0x16 ./Drivers/STM32F1xx_HAL_Driver/Src/stm32f1xx_hal_cortex.o
                0x08000d38                HAL_NVIC_SetPriorityGrouping
 .text.HAL_NVIC_SetPriority
                0x08000d4e       0x38 ./Drivers/STM32F1xx_HAL_Driver/Src/stm32f1xx_hal_cortex.o
                0x08000d4e                HAL_NVIC_SetPriority
 .text.HAL_NVIC_EnableIRQ
                0x08000d86       0x1c ./Drivers/STM32F1xx_HAL_Driver/Src/stm32f1xx_hal_cortex.o
                0x08000d86                HAL_NVIC_EnableIRQ
 .text.HAL_SYSTICK_Config
                0x08000da2       0x18 ./Drivers/STM32F1xx_HAL_Driver/Src/stm32f1xx_hal_cortex.o
                0x08000da2                HAL_SYSTICK_Config
 *fill*         0x08000dba        0x2 
 .text.HAL_GPIO_Init
                0x08000dbc      0x308 ./Drivers/STM32F1xx_HAL_Driver/Src/stm32f1xx_hal_gpio.o
                0x08000dbc                HAL_GPIO_Init
 .text.HAL_GPIO_WritePin
                0x080010c4       0x30 ./Drivers/STM32F1xx_HAL_Driver/Src/stm32f1xx_hal_gpio.o
                0x080010c4                HAL_GPIO_WritePin
 .text.HAL_GPIO_EXTI_IRQHandler
                0x080010f4       0x30 ./Drivers/STM32F1xx_HAL_Driver/Src/stm32f1xx_hal_gpio.o
                0x080010f4                HAL_GPIO_EXTI_IRQHandler
 .text.HAL_GPIO_EXTI_Callback
                0x08001124       0x14 ./Drivers/STM32F1xx_HAL_Driver/Src/stm32f1xx_hal_gpio.o
                0x08001124                HAL_GPIO_EXTI_Callback
 .text.HAL_I2C_Init
                0x08001138      0x288 ./Drivers/STM32F1xx_HAL_Driver/Src/stm32f1xx_hal_i2c.o
                0x08001138                HAL_I2C_Init
 .text.HAL_I2C_Master_Transmit
                0x080013c0      0x1fc ./Drivers/STM32F1xx_HAL_Driver/Src/stm32f1xx_hal_i2c.o
                0x080013c0                HAL_I2C_Master_Transmit
 .text.I2C_MasterRequestWrite
                0x080015bc      0x104 ./Drivers/STM32F1xx_HAL_Driver/Src/stm32f1xx_hal_i2c.o
 .text.I2C_WaitOnFlagUntilTimeout
                0x080016c0       0xf4 ./Drivers/STM32F1xx_HAL_Driver/Src/stm32f1xx_hal_i2c.o
 .text.I2C_WaitOnMasterAddressFlagUntilTimeout
                0x080017b4      0x140 ./Drivers/STM32F1xx_HAL_Driver/Src/stm32f1xx_hal_i2c.o
 .text.I2C_WaitOnTXEFlagUntilTimeout
                0x080018f4       0x90 ./Drivers/STM32F1xx_HAL_Driver/Src/stm32f1xx_hal_i2c.o
 .text.I2C_WaitOnBTFFlagUntilTimeout
                0x08001984       0x90 ./Drivers/STM32F1xx_HAL_Driver/Src/stm32f1xx_hal_i2c.o
 .text.I2C_IsAcknowledgeFailed
                0x08001a14       0x5c ./Drivers/STM32F1xx_HAL_Driver/Src/stm32f1xx_hal_i2c.o
 .text.HAL_RCC_OscConfig
                0x08001a70      0x504 ./Drivers/STM32F1xx_HAL_Driver/Src/stm32f1xx_hal_rcc.o
                0x08001a70                HAL_RCC_OscConfig
 .text.HAL_RCC_ClockConfig
                0x08001f74      0x1d4 ./Drivers/STM32F1xx_HAL_Driver/Src/stm32f1xx_hal_rcc.o
                0x08001f74                HAL_RCC_ClockConfig
 .text.HAL_RCC_GetSysClockFreq
                0x08002148       0xa8 ./Drivers/STM32F1xx_HAL_Driver/Src/stm32f1xx_hal_rcc.o
                0x08002148                HAL_RCC_GetSysClockFreq
 .text.HAL_RCC_GetHCLKFreq
                0x080021f0       0x14 ./Drivers/STM32F1xx_HAL_Driver/Src/stm32f1xx_hal_rcc.o
                0x080021f0                HAL_RCC_GetHCLKFreq
 .text.HAL_RCC_GetPCLK1Freq
                0x08002204       0x28 ./Drivers/STM32F1xx_HAL_Driver/Src/stm32f1xx_hal_rcc.o
                0x08002204                HAL_RCC_GetPCLK1Freq
 .text.HAL_RCC_GetPCLK2Freq
                0x0800222c       0x28 ./Drivers/STM32F1xx_HAL_Driver/Src/stm32f1xx_hal_rcc.o
                0x0800222c                HAL_RCC_GetPCLK2Freq
 .text.RCC_Delay
                0x08002254       0x3c ./Drivers/STM32F1xx_HAL_Driver/Src/stm32f1xx_hal_rcc.o
 .text.HAL_UART_Init
                0x08002290       0xa0 ./Drivers/STM32F1xx_HAL_Driver/Src/stm32f1xx_hal_uart.o
                0x08002290                HAL_UART_Init
 .text.UART_SetConfig
                0x08002330      0x11c ./Drivers/STM32F1xx_HAL_Driver/Src/stm32f1xx_hal_uart.o
 .text.memset   0x0800244c       0x10 C:/ST/STM32CubeIDE_1.15.1/STM32CubeIDE/plugins/com.st.stm32cube.ide.mcu.externaltools.gnu-tools-for-stm32.12.3.rel1.win32_1.0.200.202406191623/tools/bin/../lib/gcc/arm-none-eabi/12.3.1/../../../../arm-none-eabi/lib/thumb/v7-m/nofp\libc_nano.a(libc_a-memset.o)
                0x0800244c                memset
 .text.__libc_init_array
                0x0800245c       0x48 C:/ST/STM32CubeIDE_1.15.1/STM32CubeIDE/plugins/com.st.stm32cube.ide.mcu.externaltools.gnu-tools-for-stm32.12.3.rel1.win32_1.0.200.202406191623/tools/bin/../lib/gcc/arm-none-eabi/12.3.1/../../../../arm-none-eabi/lib/thumb/v7-m/nofp\libc_nano.a(libc_a-init.o)
                0x0800245c                __libc_init_array
 *(.glue_7)
 .glue_7        0x080024a4        0x0 linker stubs
 *(.glue_7t)
 .glue_7t       0x080024a4        0x0 linker stubs
 *(.eh_frame)
 .eh_frame      0x080024a4        0x0 C:/ST/STM32CubeIDE_1.15.1/STM32CubeIDE/plugins/com.st.stm32cube.ide.mcu.externaltools.gnu-tools-for-stm32.12.3.rel1.win32_1.0.200.202406191623/tools/bin/../lib/gcc/arm-none-eabi/12.3.1/thumb/v7-m/nofp/crtbegin.o
 *(.init)
 .init          0x080024a4        0x4 C:/ST/STM32CubeIDE_1.15.1/STM32CubeIDE/plugins/com.st.stm32cube.ide.mcu.externaltools.gnu-tools-for-stm32.12.3.rel1.win32_1.0.200.202406191623/tools/bin/../lib/gcc/arm-none-eabi/12.3.1/thumb/v7-m/nofp/crti.o
                0x080024a4                _init
 .init          0x080024a8        0x8 C:/ST/STM32CubeIDE_1.15.1/STM32CubeIDE/plugins/com.st.stm32cube.ide.mcu.externaltools.gnu-tools-for-stm32.12.3.rel1.win32_1.0.200.202406191623/tools/bin/../lib/gcc/arm-none-eabi/12.3.1/thumb/v7-m/nofp/crtn.o
 *(.fini)
 .fini          0x080024b0        0x4 C:/ST/STM32CubeIDE_1.15.1/STM32CubeIDE/plugins/com.st.stm32cube.ide.mcu.externaltools.gnu-tools-for-stm32.12.3.rel1.win32_1.0.200.202406191623/tools/bin/../lib/gcc/arm-none-eabi/12.3.1/thumb/v7-m/nofp/crti.o
                0x080024b0                _fini
 .fini          0x080024b4        0x8 C:/ST/STM32CubeIDE_1.15.1/STM32CubeIDE/plugins/com.st.stm32cube.ide.mcu.externaltools.gnu-tools-for-stm32.12.3.rel1.win32_1.0.200.202406191623/tools/bin/../lib/gcc/arm-none-eabi/12.3.1/thumb/v7-m/nofp/crtn.o
                0x080024bc                        . = ALIGN (0x4)
                0x080024bc                        _etext = .

.vfp11_veneer   0x080024bc        0x0
 .vfp11_veneer  0x080024bc        0x0 linker stubs

.v4_bx          0x080024bc        0x0
 .v4_bx         0x080024bc        0x0 linker stubs

.iplt           0x080024bc        0x0
 .iplt          0x080024bc        0x0 C:/ST/STM32CubeIDE_1.15.1/STM32CubeIDE/plugins/com.st.stm32cube.ide.mcu.externaltools.gnu-tools-for-stm32.12.3.rel1.win32_1.0.200.202406191623/tools/bin/../lib/gcc/arm-none-eabi/12.3.1/thumb/v7-m/nofp/crtbegin.o

.rodata         0x080024bc       0x68
                0x080024bc                        . = ALIGN (0x4)
 *(.rodata)
 .rodata        0x080024bc       0x10 ./Core/Src/liquidcrystal_i2c.o
 .rodata        0x080024cc       0x2b ./Core/Src/main.o
 *(.rodata*)
 *fill*         0x080024f7        0x1 
 .rodata.AHBPrescTable
                0x080024f8       0x10 ./Core/Src/system_stm32f1xx.o
                0x080024f8                AHBPrescTable
 .rodata.APBPrescTable
                0x08002508        0x8 ./Core/Src/system_stm32f1xx.o
                0x08002508                APBPrescTable
 .rodata.aPLLMULFactorTable.1
                0x08002510       0x10 ./Drivers/STM32F1xx_HAL_Driver/Src/stm32f1xx_hal_rcc.o
 .rodata.aPredivFactorTable.0
                0x08002520        0x2 ./Drivers/STM32F1xx_HAL_Driver/Src/stm32f1xx_hal_rcc.o
                0x08002524                        . = ALIGN (0x4)
 *fill*         0x08002522        0x2 

.ARM.extab      0x08002524        0x0
                0x08002524                        . = ALIGN (0x4)
 *(.ARM.extab* .gnu.linkonce.armextab.*)
                0x08002524                        . = ALIGN (0x4)

.ARM            0x08002524        0x0
                0x08002524                        . = ALIGN (0x4)
                0x08002524                        __exidx_start = .
 *(.ARM.exidx*)
                0x08002524                        __exidx_end = .
                0x08002524                        . = ALIGN (0x4)

.preinit_array  0x08002524        0x0
                0x08002524                        . = ALIGN (0x4)
                0x08002524                        PROVIDE (__preinit_array_start = .)
 *(.preinit_array*)
                0x08002524                        PROVIDE (__preinit_array_end = .)
                0x08002524                        . = ALIGN (0x4)

.init_array     0x08002524        0x4
                0x08002524                        . = ALIGN (0x4)
                0x08002524                        PROVIDE (__init_array_start = .)
 *(SORT_BY_NAME(.init_array.*))
 *(.init_array*)
 .init_array    0x08002524        0x4 C:/ST/STM32CubeIDE_1.15.1/STM32CubeIDE/plugins/com.st.stm32cube.ide.mcu.externaltools.gnu-tools-for-stm32.12.3.rel1.win32_1.0.200.202406191623/tools/bin/../lib/gcc/arm-none-eabi/12.3.1/thumb/v7-m/nofp/crtbegin.o
                0x08002528                        PROVIDE (__init_array_end = .)
                0x08002528                        . = ALIGN (0x4)

.fini_array     0x08002528        0x4
                0x08002528                        . = ALIGN (0x4)
                [!provide]                        PROVIDE (__fini_array_start = .)
 *(SORT_BY_NAME(.fini_array.*))
 *(.fini_array*)
 .fini_array    0x08002528        0x4 C:/ST/STM32CubeIDE_1.15.1/STM32CubeIDE/plugins/com.st.stm32cube.ide.mcu.externaltools.gnu-tools-for-stm32.12.3.rel1.win32_1.0.200.202406191623/tools/bin/../lib/gcc/arm-none-eabi/12.3.1/thumb/v7-m/nofp/crtbegin.o
                [!provide]                        PROVIDE (__fini_array_end = .)
                0x0800252c                        . = ALIGN (0x4)
                0x0800252c                        _sidata = LOADADDR (.data)

.rel.dyn        0x0800252c        0x0
 .rel.iplt      0x0800252c        0x0 C:/ST/STM32CubeIDE_1.15.1/STM32CubeIDE/plugins/com.st.stm32cube.ide.mcu.externaltools.gnu-tools-for-stm32.12.3.rel1.win32_1.0.200.202406191623/tools/bin/../lib/gcc/arm-none-eabi/12.3.1/thumb/v7-m/nofp/crtbegin.o

.data           0x20000000       0x1c load address 0x0800252c
                0x20000000                        . = ALIGN (0x4)
                0x20000000                        _sdata = .
 *(.data)
 *(.data*)
 .data.special1
                0x20000000        0x8 ./Core/Src/liquidcrystal_i2c.o
                0x20000000                special1
 .data.special2
                0x20000008        0x8 ./Core/Src/liquidcrystal_i2c.o
                0x20000008                special2
 .data.SystemCoreClock
                0x20000010        0x4 ./Core/Src/system_stm32f1xx.o
                0x20000010                SystemCoreClock
 .data.uwTickPrio
                0x20000014        0x4 ./Drivers/STM32F1xx_HAL_Driver/Src/stm32f1xx_hal.o
                0x20000014                uwTickPrio
 .data.uwTickFreq
                0x20000018        0x1 ./Drivers/STM32F1xx_HAL_Driver/Src/stm32f1xx_hal.o
                0x20000018                uwTickFreq
 *(.RamFunc)
 *(.RamFunc*)
                0x2000001c                        . = ALIGN (0x4)
 *fill*         0x20000019        0x3 
                0x2000001c                        _edata = .

.igot.plt       0x2000001c        0x0 load address 0x08002548
 .igot.plt      0x2000001c        0x0 C:/ST/STM32CubeIDE_1.15.1/STM32CubeIDE/plugins/com.st.stm32cube.ide.mcu.externaltools.gnu-tools-for-stm32.12.3.rel1.win32_1.0.200.202406191623/tools/bin/../lib/gcc/arm-none-eabi/12.3.1/thumb/v7-m/nofp/crtbegin.o
                0x2000001c                        . = ALIGN (0x4)

.bss            0x2000001c       0xc4 load address 0x08002548
                0x2000001c                        _sbss = .
                0x2000001c                        __bss_start__ = _sbss
 *(.bss)
 .bss           0x2000001c       0x1c C:/ST/STM32CubeIDE_1.15.1/STM32CubeIDE/plugins/com.st.stm32cube.ide.mcu.externaltools.gnu-tools-for-stm32.12.3.rel1.win32_1.0.200.202406191623/tools/bin/../lib/gcc/arm-none-eabi/12.3.1/thumb/v7-m/nofp/crtbegin.o
 *(.bss*)
 .bss.dpFunction
                0x20000038        0x1 ./Core/Src/liquidcrystal_i2c.o
                0x20000038                dpFunction
 .bss.dpControl
                0x20000039        0x1 ./Core/Src/liquidcrystal_i2c.o
                0x20000039                dpControl
 .bss.dpMode    0x2000003a        0x1 ./Core/Src/liquidcrystal_i2c.o
                0x2000003a                dpMode
 .bss.dpRows    0x2000003b        0x1 ./Core/Src/liquidcrystal_i2c.o
                0x2000003b                dpRows
 .bss.dpBacklight
                0x2000003c        0x1 ./Core/Src/liquidcrystal_i2c.o
                0x2000003c                dpBacklight
 *fill*         0x2000003d        0x3 
 .bss.hi2c1     0x20000040       0x54 ./Core/Src/main.o
                0x20000040                hi2c1
 .bss.huart2    0x20000094       0x48 ./Core/Src/main.o
                0x20000094                huart2
 .bss.uwTick    0x200000dc        0x4 ./Drivers/STM32F1xx_HAL_Driver/Src/stm32f1xx_hal.o
                0x200000dc                uwTick
 *(COMMON)
                0x200000e0                        . = ALIGN (0x4)
                0x200000e0                        _ebss = .
                0x200000e0                        __bss_end__ = _ebss

._user_heap_stack
                0x200000e0      0x600 load address 0x08002548
                0x200000e0                        . = ALIGN (0x8)
                [!provide]                        PROVIDE (end = .)
                0x200000e0                        PROVIDE (_end = .)
                0x200002e0                        . = (. + _Min_Heap_Size)
 *fill*         0x200000e0      0x200 
                0x200006e0                        . = (. + _Min_Stack_Size)
 *fill*         0x200002e0      0x400 
                0x200006e0                        . = ALIGN (0x8)

/DISCARD/
 libc.a(*)
 libm.a(*)
 libgcc.a(*)

.ARM.attributes
                0x00000000       0x29
 *(.ARM.attributes)
 .ARM.attributes
                0x00000000       0x1d C:/ST/STM32CubeIDE_1.15.1/STM32CubeIDE/plugins/com.st.stm32cube.ide.mcu.externaltools.gnu-tools-for-stm32.12.3.rel1.win32_1.0.200.202406191623/tools/bin/../lib/gcc/arm-none-eabi/12.3.1/thumb/v7-m/nofp/crti.o
 .ARM.attributes
                0x0000001d       0x2d C:/ST/STM32CubeIDE_1.15.1/STM32CubeIDE/plugins/com.st.stm32cube.ide.mcu.externaltools.gnu-tools-for-stm32.12.3.rel1.win32_1.0.200.202406191623/tools/bin/../lib/gcc/arm-none-eabi/12.3.1/thumb/v7-m/nofp/crtbegin.o
 .ARM.attributes
                0x0000004a       0x2d ./Core/Src/liquidcrystal_i2c.o
 .ARM.attributes
                0x00000077       0x2d ./Core/Src/main.o
 .ARM.attributes
                0x000000a4       0x2d ./Core/Src/stm32f1xx_hal_msp.o
 .ARM.attributes
                0x000000d1       0x2d ./Core/Src/stm32f1xx_it.o
 .ARM.attributes
                0x000000fe       0x2d ./Core/Src/system_stm32f1xx.o
 .ARM.attributes
                0x0000012b       0x21 ./Core/Startup/startup_stm32f103rbtx.o
 .ARM.attributes
                0x0000014c       0x2d ./Drivers/STM32F1xx_HAL_Driver/Src/stm32f1xx_hal.o
 .ARM.attributes
                0x00000179       0x2d ./Drivers/STM32F1xx_HAL_Driver/Src/stm32f1xx_hal_cortex.o
 .ARM.attributes
                0x000001a6       0x2d ./Drivers/STM32F1xx_HAL_Driver/Src/stm32f1xx_hal_gpio.o
 .ARM.attributes
                0x000001d3       0x2d ./Drivers/STM32F1xx_HAL_Driver/Src/stm32f1xx_hal_i2c.o
 .ARM.attributes
                0x00000200       0x2d ./Drivers/STM32F1xx_HAL_Driver/Src/stm32f1xx_hal_rcc.o
 .ARM.attributes
                0x0000022d       0x2d ./Drivers/STM32F1xx_HAL_Driver/Src/stm32f1xx_hal_uart.o
 .ARM.attributes
                0x0000025a       0x2d C:/ST/STM32CubeIDE_1.15.1/STM32CubeIDE/plugins/com.st.stm32cube.ide.mcu.externaltools.gnu-tools-for-stm32.12.3.rel1.win32_1.0.200.202406191623/tools/bin/../lib/gcc/arm-none-eabi/12.3.1/../../../../arm-none-eabi/lib/thumb/v7-m/nofp\libc_nano.a(libc_a-memset.o)
 .ARM.attributes
                0x00000287       0x2d C:/ST/STM32CubeIDE_1.15.1/STM32CubeIDE/plugins/com.st.stm32cube.ide.mcu.externaltools.gnu-tools-for-stm32.12.3.rel1.win32_1.0.200.202406191623/tools/bin/../lib/gcc/arm-none-eabi/12.3.1/../../../../arm-none-eabi/lib/thumb/v7-m/nofp\libc_nano.a(libc_a-init.o)
 .ARM.attributes
                0x000002b4       0x1d C:/ST/STM32CubeIDE_1.15.1/STM32CubeIDE/plugins/com.st.stm32cube.ide.mcu.externaltools.gnu-tools-for-stm32.12.3.rel1.win32_1.0.200.202406191623/tools/bin/../lib/gcc/arm-none-eabi/12.3.1/thumb/v7-m/nofp/crtn.o
OUTPUT(i2c_lcd.elf elf32-littlearm)
LOAD linker stubs
LOAD C:/ST/STM32CubeIDE_1.15.1/STM32CubeIDE/plugins/com.st.stm32cube.ide.mcu.externaltools.gnu-tools-for-stm32.12.3.rel1.win32_1.0.200.202406191623/tools/bin/../lib/gcc/arm-none-eabi/12.3.1/../../../../arm-none-eabi/lib/thumb/v7-m/nofp\libc.a
LOAD C:/ST/STM32CubeIDE_1.15.1/STM32CubeIDE/plugins/com.st.stm32cube.ide.mcu.externaltools.gnu-tools-for-stm32.12.3.rel1.win32_1.0.200.202406191623/tools/bin/../lib/gcc/arm-none-eabi/12.3.1/../../../../arm-none-eabi/lib/thumb/v7-m/nofp\libm.a
LOAD C:/ST/STM32CubeIDE_1.15.1/STM32CubeIDE/plugins/com.st.stm32cube.ide.mcu.externaltools.gnu-tools-for-stm32.12.3.rel1.win32_1.0.200.202406191623/tools/bin/../lib/gcc/arm-none-eabi/12.3.1/thumb/v7-m/nofp\libgcc.a

.debug_info     0x00000000     0x9d4e
 .debug_info    0x00000000      0xc1c ./Core/Src/liquidcrystal_i2c.o
 .debug_info    0x00000c1c      0xea2 ./Core/Src/main.o
 .debug_info    0x00001abe      0xb2b ./Core/Src/stm32f1xx_hal_msp.o
 .debug_info    0x000025e9      0x14b ./Core/Src/stm32f1xx_it.o
 .debug_info    0x00002734      0x222 ./Core/Src/system_stm32f1xx.o
 .debug_info    0x00002956       0x30 ./Core/Startup/startup_stm32f103rbtx.o
 .debug_info    0x00002986      0x704 ./Drivers/STM32F1xx_HAL_Driver/Src/stm32f1xx_hal.o
 .debug_info    0x0000308a      0xa87 ./Drivers/STM32F1xx_HAL_Driver/Src/stm32f1xx_hal_cortex.o
 .debug_info    0x00003b11      0x5ab ./Drivers/STM32F1xx_HAL_Driver/Src/stm32f1xx_hal_gpio.o
 .debug_info    0x000040bc     0x2515 ./Drivers/STM32F1xx_HAL_Driver/Src/stm32f1xx_hal_i2c.o
 .debug_info    0x000065d1      0x7d5 ./Drivers/STM32F1xx_HAL_Driver/Src/stm32f1xx_hal_rcc.o
 .debug_info    0x00006da6     0x2fa8 ./Drivers/STM32F1xx_HAL_Driver/Src/stm32f1xx_hal_uart.o

.debug_abbrev   0x00000000     0x181c
 .debug_abbrev  0x00000000      0x2cb ./Core/Src/liquidcrystal_i2c.o
 .debug_abbrev  0x000002cb      0x292 ./Core/Src/main.o
 .debug_abbrev  0x0000055d      0x1ab ./Core/Src/stm32f1xx_hal_msp.o
 .debug_abbrev  0x00000708       0xa0 ./Core/Src/stm32f1xx_it.o
 .debug_abbrev  0x000007a8      0x13f ./Core/Src/system_stm32f1xx.o
 .debug_abbrev  0x000008e7       0x24 ./Core/Startup/startup_stm32f103rbtx.o
 .debug_abbrev  0x0000090b      0x201 ./Drivers/STM32F1xx_HAL_Driver/Src/stm32f1xx_hal.o
 .debug_abbrev  0x00000b0c      0x2f8 ./Drivers/STM32F1xx_HAL_Driver/Src/stm32f1xx_hal_cortex.o
 .debug_abbrev  0x00000e04      0x1ca ./Drivers/STM32F1xx_HAL_Driver/Src/stm32f1xx_hal_gpio.o
 .debug_abbrev  0x00000fce      0x2a3 ./Drivers/STM32F1xx_HAL_Driver/Src/stm32f1xx_hal_i2c.o
 .debug_abbrev  0x00001271      0x2b3 ./Drivers/STM32F1xx_HAL_Driver/Src/stm32f1xx_hal_rcc.o
 .debug_abbrev  0x00001524      0x2f8 ./Drivers/STM32F1xx_HAL_Driver/Src/stm32f1xx_hal_uart.o

.debug_aranges  0x00000000      0x9c8
 .debug_aranges
                0x00000000      0x110 ./Core/Src/liquidcrystal_i2c.o
 .debug_aranges
                0x00000110       0x48 ./Core/Src/main.o
 .debug_aranges
                0x00000158       0x40 ./Core/Src/stm32f1xx_hal_msp.o
 .debug_aranges
                0x00000198       0x68 ./Core/Src/stm32f1xx_it.o
 .debug_aranges
                0x00000200       0x28 ./Core/Src/system_stm32f1xx.o
 .debug_aranges
                0x00000228       0x28 ./Core/Startup/startup_stm32f103rbtx.o
 .debug_aranges
                0x00000250       0xe0 ./Drivers/STM32F1xx_HAL_Driver/Src/stm32f1xx_hal.o
 .debug_aranges
                0x00000330      0x100 ./Drivers/STM32F1xx_HAL_Driver/Src/stm32f1xx_hal_cortex.o
 .debug_aranges
                0x00000430       0x58 ./Drivers/STM32F1xx_HAL_Driver/Src/stm32f1xx_hal_gpio.o
 .debug_aranges
                0x00000488      0x2a8 ./Drivers/STM32F1xx_HAL_Driver/Src/stm32f1xx_hal_i2c.o
 .debug_aranges
                0x00000730       0x90 ./Drivers/STM32F1xx_HAL_Driver/Src/stm32f1xx_hal_rcc.o
 .debug_aranges
                0x000007c0      0x208 ./Drivers/STM32F1xx_HAL_Driver/Src/stm32f1xx_hal_uart.o

.debug_rnglists
                0x00000000      0x7a6
 .debug_rnglists
                0x00000000       0xc8 ./Core/Src/liquidcrystal_i2c.o
 .debug_rnglists
                0x000000c8       0x34 ./Core/Src/main.o
 .debug_rnglists
                0x000000fc       0x2d ./Core/Src/stm32f1xx_hal_msp.o
 .debug_rnglists
                0x00000129       0x49 ./Core/Src/stm32f1xx_it.o
 .debug_rnglists
                0x00000172       0x1a ./Core/Src/system_stm32f1xx.o
 .debug_rnglists
                0x0000018c       0x19 ./Core/Startup/startup_stm32f103rbtx.o
 .debug_rnglists
                0x000001a5       0xa3 ./Drivers/STM32F1xx_HAL_Driver/Src/stm32f1xx_hal.o
 .debug_rnglists
                0x00000248       0xbb ./Drivers/STM32F1xx_HAL_Driver/Src/stm32f1xx_hal_cortex.o
 .debug_rnglists
                0x00000303       0x3f ./Drivers/STM32F1xx_HAL_Driver/Src/stm32f1xx_hal_gpio.o
 .debug_rnglists
                0x00000342      0x23c ./Drivers/STM32F1xx_HAL_Driver/Src/stm32f1xx_hal_i2c.o
 .debug_rnglists
                0x0000057e       0x6c ./Drivers/STM32F1xx_HAL_Driver/Src/stm32f1xx_hal_rcc.o
 .debug_rnglists
                0x000005ea      0x1bc ./Drivers/STM32F1xx_HAL_Driver/Src/stm32f1xx_hal_uart.o

.debug_macro    0x00000000    0x16ee0
 .debug_macro   0x00000000      0x1a7 ./Core/Src/liquidcrystal_i2c.o
 .debug_macro   0x000001a7      0xaa8 ./Core/Src/liquidcrystal_i2c.o
 .debug_macro   0x00000c4f      0x21b ./Core/Src/liquidcrystal_i2c.o
 .debug_macro   0x00000e6a       0x2e ./Core/Src/liquidcrystal_i2c.o
 .debug_macro   0x00000e98       0x22 ./Core/Src/liquidcrystal_i2c.o
 .debug_macro   0x00000eba       0x22 ./Core/Src/liquidcrystal_i2c.o
 .debug_macro   0x00000edc       0x8e ./Core/Src/liquidcrystal_i2c.o
 .debug_macro   0x00000f6a       0x51 ./Core/Src/liquidcrystal_i2c.o
 .debug_macro   0x00000fbb      0x103 ./Core/Src/liquidcrystal_i2c.o
 .debug_macro   0x000010be       0x6a ./Core/Src/liquidcrystal_i2c.o
 .debug_macro   0x00001128      0x1df ./Core/Src/liquidcrystal_i2c.o
 .debug_macro   0x00001307       0x1c ./Core/Src/liquidcrystal_i2c.o
 .debug_macro   0x00001323       0x22 ./Core/Src/liquidcrystal_i2c.o
 .debug_macro   0x00001345       0xbd ./Core/Src/liquidcrystal_i2c.o
 .debug_macro   0x00001402      0xd23 ./Core/Src/liquidcrystal_i2c.o
 .debug_macro   0x00002125     0xe09e ./Core/Src/liquidcrystal_i2c.o
 .debug_macro   0x000101c3       0x6d ./Core/Src/liquidcrystal_i2c.o
 .debug_macro   0x00010230     0x348d ./Core/Src/liquidcrystal_i2c.o
 .debug_macro   0x000136bd      0x189 ./Core/Src/liquidcrystal_i2c.o
 .debug_macro   0x00013846       0x5c ./Core/Src/liquidcrystal_i2c.o
 .debug_macro   0x000138a2      0x5bc ./Core/Src/liquidcrystal_i2c.o
 .debug_macro   0x00013e5e      0x289 ./Core/Src/liquidcrystal_i2c.o
 .debug_macro   0x000140e7      0x1cb ./Core/Src/liquidcrystal_i2c.o
 .debug_macro   0x000142b2      0x114 ./Core/Src/liquidcrystal_i2c.o
 .debug_macro   0x000143c6      0x1b2 ./Core/Src/liquidcrystal_i2c.o
 .debug_macro   0x00014578       0x27 ./Core/Src/liquidcrystal_i2c.o
 .debug_macro   0x0001459f      0x136 ./Core/Src/liquidcrystal_i2c.o
 .debug_macro   0x000146d5      0x1bc ./Core/Src/liquidcrystal_i2c.o
 .debug_macro   0x00014891       0x34 ./Core/Src/liquidcrystal_i2c.o
 .debug_macro   0x000148c5       0x3c ./Core/Src/liquidcrystal_i2c.o
 .debug_macro   0x00014901       0x57 ./Core/Src/liquidcrystal_i2c.o
 .debug_macro   0x00014958       0x87 ./Core/Src/liquidcrystal_i2c.o
 .debug_macro   0x000149df      0x240 ./Core/Src/liquidcrystal_i2c.o
 .debug_macro   0x00014c1f      0x287 ./Core/Src/liquidcrystal_i2c.o
 .debug_macro   0x00014ea6      0x140 ./Core/Src/liquidcrystal_i2c.o
 .debug_macro   0x00014fe6      0x28e ./Core/Src/liquidcrystal_i2c.o
 .debug_macro   0x00015274       0x83 ./Core/Src/liquidcrystal_i2c.o
 .debug_macro   0x000152f7       0xd0 ./Core/Src/liquidcrystal_i2c.o
 .debug_macro   0x000153c7      0x27c ./Core/Src/main.o
 .debug_macro   0x00015643       0x52 ./Core/Src/main.o
 .debug_macro   0x00015695       0xd6 ./Core/Src/main.o
 .debug_macro   0x0001576b       0x24 ./Core/Src/main.o
 .debug_macro   0x0001578f       0x61 ./Core/Src/main.o
 .debug_macro   0x000157f0       0x43 ./Core/Src/main.o
 .debug_macro   0x00015833       0x34 ./Core/Src/main.o
 .debug_macro   0x00015867       0x16 ./Core/Src/main.o
 .debug_macro   0x0001587d       0x35 ./Core/Src/main.o
 .debug_macro   0x000158b2       0x16 ./Core/Src/main.o
 .debug_macro   0x000158c8       0x43 ./Core/Src/main.o
 .debug_macro   0x0001590b       0x34 ./Core/Src/main.o
 .debug_macro   0x0001593f       0x10 ./Core/Src/main.o
 .debug_macro   0x0001594f       0x58 ./Core/Src/main.o
 .debug_macro   0x000159a7       0x8e ./Core/Src/main.o
 .debug_macro   0x00015a35       0x1c ./Core/Src/main.o
 .debug_macro   0x00015a51      0x177 ./Core/Src/main.o
 .debug_macro   0x00015bc8      0x369 ./Core/Src/main.o
 .debug_macro   0x00015f31       0x16 ./Core/Src/main.o
 .debug_macro   0x00015f47       0x29 ./Core/Src/main.o
 .debug_macro   0x00015f70      0x1a7 ./Core/Src/stm32f1xx_hal_msp.o
 .debug_macro   0x00016117      0x1b1 ./Core/Src/stm32f1xx_it.o
 .debug_macro   0x000162c8      0x198 ./Core/Src/system_stm32f1xx.o
 .debug_macro   0x00016460      0x1bc ./Drivers/STM32F1xx_HAL_Driver/Src/stm32f1xx_hal.o
 .debug_macro   0x0001661c      0x198 ./Drivers/STM32F1xx_HAL_Driver/Src/stm32f1xx_hal_cortex.o
 .debug_macro   0x000167b4      0x203 ./Drivers/STM32F1xx_HAL_Driver/Src/stm32f1xx_hal_gpio.o
 .debug_macro   0x000169b7      0x1e6 ./Drivers/STM32F1xx_HAL_Driver/Src/stm32f1xx_hal_i2c.o
 .debug_macro   0x00016b9d      0x1aa ./Drivers/STM32F1xx_HAL_Driver/Src/stm32f1xx_hal_rcc.o
 .debug_macro   0x00016d47      0x199 ./Drivers/STM32F1xx_HAL_Driver/Src/stm32f1xx_hal_uart.o

.debug_line     0x00000000     0xbd5c
 .debug_line    0x00000000      0xad9 ./Core/Src/liquidcrystal_i2c.o
 .debug_line    0x00000ad9      0x98b ./Core/Src/main.o
 .debug_line    0x00001464      0x78a ./Core/Src/stm32f1xx_hal_msp.o
 .debug_line    0x00001bee      0x7c5 ./Core/Src/stm32f1xx_it.o
 .debug_line    0x000023b3      0x769 ./Core/Src/system_stm32f1xx.o
 .debug_line    0x00002b1c       0x78 ./Core/Startup/startup_stm32f103rbtx.o
 .debug_line    0x00002b94      0x996 ./Drivers/STM32F1xx_HAL_Driver/Src/stm32f1xx_hal.o
 .debug_line    0x0000352a      0xb82 ./Drivers/STM32F1xx_HAL_Driver/Src/stm32f1xx_hal_cortex.o
 .debug_line    0x000040ac      0xa2f ./Drivers/STM32F1xx_HAL_Driver/Src/stm32f1xx_hal_gpio.o
 .debug_line    0x00004adb     0x3c03 ./Drivers/STM32F1xx_HAL_Driver/Src/stm32f1xx_hal_i2c.o
 .debug_line    0x000086de      0xd9f ./Drivers/STM32F1xx_HAL_Driver/Src/stm32f1xx_hal_rcc.o
 .debug_line    0x0000947d     0x28df ./Drivers/STM32F1xx_HAL_Driver/Src/stm32f1xx_hal_uart.o

.debug_str      0x00000000    0x84184
 .debug_str     0x00000000    0x7e882 ./Core/Src/liquidcrystal_i2c.o
                              0x7ec70 (size before relaxing)
 .debug_str     0x0007e882     0x39c0 ./Core/Src/main.o
                              0x82391 (size before relaxing)
 .debug_str     0x00082242       0xb1 ./Core/Src/stm32f1xx_hal_msp.o
                              0x7ea06 (size before relaxing)
 .debug_str     0x000822f3       0xf7 ./Core/Src/stm32f1xx_it.o
                              0x7e340 (size before relaxing)
 .debug_str     0x000823ea       0x6e ./Core/Src/system_stm32f1xx.o
                              0x7e203 (size before relaxing)
 .debug_str     0x00082458       0x44 ./Core/Startup/startup_stm32f103rbtx.o
                                 0x65 (size before relaxing)
 .debug_str     0x0008249c      0x37f ./Drivers/STM32F1xx_HAL_Driver/Src/stm32f1xx_hal.o
                              0x7e936 (size before relaxing)
 .debug_str     0x0008281b      0x29e ./Drivers/STM32F1xx_HAL_Driver/Src/stm32f1xx_hal_cortex.o
                              0x7e882 (size before relaxing)
 .debug_str     0x00082ab9      0x2cd ./Drivers/STM32F1xx_HAL_Driver/Src/stm32f1xx_hal_gpio.o
                              0x7e589 (size before relaxing)
 .debug_str     0x00082d86      0xbc8 ./Drivers/STM32F1xx_HAL_Driver/Src/stm32f1xx_hal_i2c.o
                              0x7f2ca (size before relaxing)
 .debug_str     0x0008394e      0x209 ./Drivers/STM32F1xx_HAL_Driver/Src/stm32f1xx_hal_rcc.o
                              0x7e632 (size before relaxing)
 .debug_str     0x00083b57      0x62d ./Drivers/STM32F1xx_HAL_Driver/Src/stm32f1xx_hal_uart.o
                              0x7eca3 (size before relaxing)

.comment        0x00000000       0x43
 .comment       0x00000000       0x43 ./Core/Src/liquidcrystal_i2c.o
                                 0x44 (size before relaxing)
 .comment       0x00000043       0x44 ./Core/Src/main.o
 .comment       0x00000043       0x44 ./Core/Src/stm32f1xx_hal_msp.o
 .comment       0x00000043       0x44 ./Core/Src/stm32f1xx_it.o
 .comment       0x00000043       0x44 ./Core/Src/system_stm32f1xx.o
 .comment       0x00000043       0x44 ./Drivers/STM32F1xx_HAL_Driver/Src/stm32f1xx_hal.o
 .comment       0x00000043       0x44 ./Drivers/STM32F1xx_HAL_Driver/Src/stm32f1xx_hal_cortex.o
 .comment       0x00000043       0x44 ./Drivers/STM32F1xx_HAL_Driver/Src/stm32f1xx_hal_gpio.o
 .comment       0x00000043       0x44 ./Drivers/STM32F1xx_HAL_Driver/Src/stm32f1xx_hal_i2c.o
 .comment       0x00000043       0x44 ./Drivers/STM32F1xx_HAL_Driver/Src/stm32f1xx_hal_rcc.o
 .comment       0x00000043       0x44 ./Drivers/STM32F1xx_HAL_Driver/Src/stm32f1xx_hal_uart.o

.debug_frame    0x00000000     0x27cc
 .debug_frame   0x00000000      0x3f0 ./Core/Src/liquidcrystal_i2c.o
 .debug_frame   0x000003f0       0xc8 ./Core/Src/main.o
 .debug_frame   0x000004b8       0xc8 ./Core/Src/stm32f1xx_hal_msp.o
 .debug_frame   0x00000580      0x120 ./Core/Src/stm32f1xx_it.o
 .debug_frame   0x000006a0       0x58 ./Core/Src/system_stm32f1xx.o
 .debug_frame   0x000006f8      0x334 ./Drivers/STM32F1xx_HAL_Driver/Src/stm32f1xx_hal.o
 .debug_frame   0x00000a2c      0x428 ./Drivers/STM32F1xx_HAL_Driver/Src/stm32f1xx_hal_cortex.o
 .debug_frame   0x00000e54      0x14c ./Drivers/STM32F1xx_HAL_Driver/Src/stm32f1xx_hal_gpio.o
 .debug_frame   0x00000fa0      0xc84 ./Drivers/STM32F1xx_HAL_Driver/Src/stm32f1xx_hal_i2c.o
 .debug_frame   0x00001c24      0x218 ./Drivers/STM32F1xx_HAL_Driver/Src/stm32f1xx_hal_rcc.o
 .debug_frame   0x00001e3c      0x944 ./Drivers/STM32F1xx_HAL_Driver/Src/stm32f1xx_hal_uart.o
 .debug_frame   0x00002780       0x20 C:/ST/STM32CubeIDE_1.15.1/STM32CubeIDE/plugins/com.st.stm32cube.ide.mcu.externaltools.gnu-tools-for-stm32.12.3.rel1.win32_1.0.200.202406191623/tools/bin/../lib/gcc/arm-none-eabi/12.3.1/../../../../arm-none-eabi/lib/thumb/v7-m/nofp\libc_nano.a(libc_a-memset.o)
 .debug_frame   0x000027a0       0x2c C:/ST/STM32CubeIDE_1.15.1/STM32CubeIDE/plugins/com.st.stm32cube.ide.mcu.externaltools.gnu-tools-for-stm32.12.3.rel1.win32_1.0.200.202406191623/tools/bin/../lib/gcc/arm-none-eabi/12.3.1/../../../../arm-none-eabi/lib/thumb/v7-m/nofp\libc_nano.a(libc_a-init.o)

.debug_line_str
                0x00000000       0x49
 .debug_line_str
                0x00000000       0x49 ./Core/Startup/startup_stm32f103rbtx.o
