16:37:54 **** Incremental Build of configuration Debug for project INT2 ****
make -j4 all 
arm-none-eabi-size  INT2.elf 
   text	   data	    bss	    dec	    hex	filename
   5080	     12	   1580	   6672	   1a10	INT2.elf
Finished building: default.size.stdout
 
16:37:59 **** Incremental Build of configuration Debug for project INT2 ****
make -j4 all 
arm-none-eabi-size  INT2.elf 
   text	   data	    bss	    dec	    hex	filename
   5080	     12	   1580	   6672	   1a10	INT2.elf
Finished building: default.size.stdout
 
16:38:18 **** Incremental Build of configuration Debug for project INT2 ****
make -j4 all 
arm-none-eabi-size  INT2.elf 
   text	   data	    bss	    dec	    hex	filename
   5080	     12	   1580	   6672	   1a10	INT2.elf
Finished building: default.size.stdout
 
