../Lib/Wiznet/Internet/DHCP/dhcp.c:254:6:default_ip_assign	8	static
../Lib/Wiznet/Internet/DHCP/dhcp.c:261:6:default_ip_update	8	static
../Lib/Wiznet/Internet/DHCP/dhcp.c:270:6:default_ip_conflict	8	static
../Lib/Wiznet/Internet/DHCP/dhcp.c:278:6:reg_dhcp_cbfunc	24	static
../Lib/Wiznet/Internet/DHCP/dhcp.c:292:6:makeDHCPMSG	24	static
../Lib/Wiznet/Internet/DHCP/dhcp.c:353:6:send_DHCP_DISCOVER	32	static
../Lib/Wiznet/Internet/DHCP/dhcp.c:427:6:send_DHCP_REQUEST	40	static
../Lib/Wiznet/Internet/DHCP/dhcp.c:524:6:send_DHCP_DECLINE	32	static
../Lib/Wiznet/Internet/DHCP/dhcp.c:585:8:parseDHCPMSG	48	static
../Lib/Wiznet/Internet/DHCP/dhcp.c:714:9:DHCP_run	16	static
../Lib/Wiznet/Internet/DHCP/dhcp.c:847:6:DHCP_stop	8	static
../Lib/Wiznet/Internet/DHCP/dhcp.c:852:9:check_DHCP_timeout	16	static
../Lib/Wiznet/Internet/DHCP/dhcp.c:904:8:check_DHCP_leasedIP	24	static
../Lib/Wiznet/Internet/DHCP/dhcp.c:940:6:DHCP_init	24	static
../Lib/Wiznet/Internet/DHCP/dhcp.c:973:6:reset_DHCP_timeout	4	static
../Lib/Wiznet/Internet/DHCP/dhcp.c:979:6:DHCP_time_handler	4	static
../Lib/Wiznet/Internet/DHCP/dhcp.c:983:6:getIPfromDHCP	16	static
../Lib/Wiznet/Internet/DHCP/dhcp.c:990:6:getGWfromDHCP	16	static
../Lib/Wiznet/Internet/DHCP/dhcp.c:997:6:getSNfromDHCP	16	static
../Lib/Wiznet/Internet/DHCP/dhcp.c:1004:6:getDNSfromDHCP	16	static
../Lib/Wiznet/Internet/DHCP/dhcp.c:1011:10:getDHCPLeasetime	4	static
../Lib/Wiznet/Internet/DHCP/dhcp.c:1015:6:NibbleToHex	16	static
